Microchip MPLAB XC8 Compiler V2.30

Linker command line:

-W-3 --edf=C:\Program Files\Microchip\xc8\v2.30\pic\dat\en_msgs.txt -cn \
  -h+dist/PIC16F688/production\UT61E_MOD.X.production.sym \
  --cmf=dist/PIC16F688/production\UT61E_MOD.X.production.cmf -z -Q16F688 \
  -oC:\Users\ILLYAB~1\AppData\Local\Temp\smccx2 --defsym=__MPLAB_BUILD=1 \
  -Mdist/PIC16F688/production/UT61E_MOD.X.production.map -E1 \
  -ver=XC8 Compiler --acfsm=1493 -ASTACK=020h-06Fh -pstack=STACK \
  -ACODE=00h-07FFhx2 -ASTRCODE=00h-0FFFh -ASTRING=00h-0FFhx16 \
  -ACONST=00h-0FFhx16 -AENTRY=00h-0FFhx16 -ACOMMON=070h-07Fh \
  -ABANK0=020h-06Fh -ABANK1=0A0h-0EFh -ABANK2=0120h-016Fh \
  -ARAM=020h-06Fh,0A0h-0EFh,0120h-016Fh \
  -AABS1=020h-07Fh,0A0h-0EFh,0120h-016Fh -ASFR0=00h-01Fh -ASFR1=080h-09Fh \
  -ASFR2=0100h-011Fh -ASFR3=0180h-01EFh -ACONFIG=02007h-02007h -DCONFIG=2 \
  -AIDLOC=02000h-02003h -DIDLOC=2 -AEEDATA=00h-0FFh/02100h \
  -peeprom_data=EEDATA -DEEDATA=2 -DCODE=2 -DSTRCODE=2 -DSTRING=2 -DCONST=2 \
  -DENTRY=2 -preset_vec=00h,intentry=04h,init,end_init -ppowerup=CODE \
  -pcinit=CODE -pfunctab=ENTRY -k \
  C:\Users\ILLYAB~1\AppData\Local\Temp\smccxb.o \
  dist/PIC16F688/production\UT61E_MOD.X.production.o 

Object code version is 3.11

Machine type is 16F688



                Name                               Link     Load   Length Selector   Space Scale
C:\Users\ILLYAB~1\AppData\Local\Temp\smccxb.o
                end_init                              B        B        2        8       0
                reset_vec                             0        0        2        0       0
dist/PIC16F688/production\UT61E_MOD.X.production.o
                cinit                                 D        D        3        8       0
                intentry                              4        4        7        8       0
                text3                                19       19        7        8       0
                text2                                21       21        1        8       0
                text1                                20       20        1        8       0
                maintext                             10       10        9        8       0
                cstackCOMMON                         70       70        2       70       1

TOTAL           Name                               Link     Load   Length     Space
        CLASS   STACK          

        CLASS   CODE           
                end_init                              B        B        2         0
                cinit                                 D        D        3         0
                intentry                              4        4        7         0
                reset_vec                             0        0        2         0
                text3                                19       19        7         0
                text2                                21       21        1         0
                text1                                20       20        1         0
                maintext                             10       10        9         0

        CLASS   STRCODE        

        CLASS   STRING         

        CLASS   CONST          

        CLASS   ENTRY          

        CLASS   COMMON         
                cstackCOMMON                         70       70        2         1

        CLASS   BANK0          

        CLASS   BANK1          

        CLASS   BANK2          

        CLASS   RAM            

        CLASS   ABS1           
                abs_s1                               7E       7E        2         1

        CLASS   SFR0           

        CLASS   SFR1           

        CLASS   SFR2           

        CLASS   SFR3           

        CLASS   CONFIG         

        CLASS   IDLOC          

        CLASS   EEDATA         

        CLASS   BANK3          



SEGMENTS        Name                           Load    Length   Top    Selector   Space  Class     Delta

                reset_vec                      000000  000002  000002         0       0  CODE        2
                intentry                       000004  00001E  000022         8       0  CODE        2
                cstackCOMMON                   000070  000002  000072        70       1  COMMON      1


UNUSED ADDRESS RANGES

        Name                Unused          Largest block    Delta
        BANK0            20-6F           50           1
        BANK1            A0-EF           50           1
        BANK2            120-16F           50           1
        CODE             02-03            2           2
                         22-FFF          7DE
        COMMON           72-7D            C           1
        CONFIG           2007-2007            1           2
        CONST            02-03            2           2
                         22-FFF          100
        EEDATA           2100-21FF          100           2
        ENTRY            02-03            2           2
                         22-FFF          100
        IDLOC            2000-2003            4           2
        RAM              20-6F           50           1
                         A0-EF           50
                         120-16F           50
        SFR0             00-1F           20           1
        SFR1             80-9F           20           1
        SFR2             100-11F           20           1
        SFR3             180-1EF           70           1
        STACK            20-6F           50           1
        STRCODE          02-03            2           2
                         22-FFF          FDE
        STRING           02-03            2           2
                         22-FFF          100

                                  Symbol Table

_ConfigureOscillator          text2        21
_InitApp                      text1        20
__Habs1                       abs1         00
__Hbank0                      bank0        00
__Hbank1                      bank1        00
__Hbank2                      bank2        00
__Hbank3                      bank3        00
__Hcinit                      cinit        10
__Hclrtext                    clrtext      00
__Hcode                       code         00
__Hcommon                     common       00
__HcstackCOMMON               cstackCOMMON 00
__Heeprom_data                eeprom_data  00
__Hend_init                   end_init     0D
__Hfunctab                    functab      00
__Hinit                       init         0B
__Hintentry                   intentry     0B
__Hmaintext                   maintext     00
__Hpowerup                    powerup      00
__Hram                        ram          00
__Hreset_vec                  reset_vec    02
__Hsfr0                       sfr0         00
__Hsfr1                       sfr1         00
__Hsfr2                       sfr2         00
__Hsfr3                       sfr3         00
__Hspace_0                    (abs)        22
__Hspace_1                    (abs)        72
__Hspace_2                    (abs)        00
__Hspace_3                    (abs)        00
__Hstack                      stack        00
__Hstrings                    strings      00
__Htext                       text         00
__Labs1                       abs1         00
__Lbank0                      bank0        00
__Lbank1                      bank1        00
__Lbank2                      bank2        00
__Lbank3                      bank3        00
__Lcinit                      cinit        0D
__Lclrtext                    clrtext      00
__Lcode                       code         00
__Lcommon                     common       00
__LcstackCOMMON               cstackCOMMON 00
__Leeprom_data                eeprom_data  00
__Lend_init                   end_init     0B
__Lfunctab                    functab      00
__Linit                       init         0B
__Lintentry                   intentry     04
__Lmaintext                   maintext     00
__Lpowerup                    powerup      00
__Lram                        ram          00
__Lreset_vec                  reset_vec    00
__Lsfr0                       sfr0         00
__Lsfr1                       sfr1         00
__Lsfr2                       sfr2         00
__Lsfr3                       sfr3         00
__Lspace_0                    (abs)        00
__Lspace_1                    (abs)        00
__Lspace_2                    (abs)        00
__Lspace_3                    (abs)        00
__Lstack                      stack        00
__Lstrings                    strings      00
__Ltext                       text         00
__S0                          (abs)        22
__S1                          (abs)        72
__S2                          (abs)        00
__S3                          (abs)        00
___int_sp                     stack        00
___latbits                    (abs)        01
___sp                         stack        00
___stackhi                    (abs)        00
___stacklo                    (abs)        00
__end_of_ConfigureOscillator  text2        22
__end_of_InitApp              text1        21
__end_of__initialization      cinit        0D
__end_of_isr                  text3        20
__end_of_main                 maintext     19
__initialization              cinit        0D
__pcstackCOMMON               cstackCOMMON 70
__pintentry                   intentry     04
__pmaintext                   maintext     10
__ptext1                      text1        20
__ptext2                      text2        21
__ptext3                      text3        19
__size_of_ConfigureOscillator (abs)        00
__size_of_InitApp             (abs)        00
__size_of_isr                 (abs)        00
__size_of_main                (abs)        00
_isr                          text3        19
_main                         maintext     10
btemp                         (abs)        7E
end_of_initialization         cinit        0D
interrupt_function            intentry     04
intlevel0                     functab      00
intlevel1                     functab      00
intlevel2                     functab      00
intlevel3                     functab      00
intlevel4                     functab      00
intlevel5                     functab      00
reset_vec                     reset_vec    00
saved_w                       (abs)        7E
start                         init         0B
start_initialization          cinit        0D
wtemp0                        (abs)        7E


FUNCTION INFORMATION:

 *************** function _main *****************
 Defined at:
		line 26 in file "main.c"
 Parameters:    Size  Location     Type
		None
 Auto vars:     Size  Location     Type
		None
 Return value:  Size  Location     Type
                  1    wreg      void 
 Registers used:
		status,2, status,0, pclath, cstack
 Tracked objects:
		On entry : 
		On exit  : 
		Unchanged: 
 Data sizes:     COMMON   BANK0   BANK1   BANK2
      Params:         0       0       0       0
      Locals:         0       0       0       0
      Temps:          0       0       0       0
      Totals:         0       0       0       0
Total ram usage:        0 bytes
 Hardware stack levels required when called:    2
 This function calls:
		_ConfigureOscillator
		_InitApp
 This function is called by:
		Startup code after reset
 This function uses a non-reentrant model


 *************** function _InitApp *****************
 Defined at:
		line 22 in file "user.c"
 Parameters:    Size  Location     Type
		None
 Auto vars:     Size  Location     Type
		None
 Return value:  Size  Location     Type
                  1    wreg      void 
 Registers used:
		None
 Tracked objects:
		On entry : 
		On exit  : 
		Unchanged: 
 Data sizes:     COMMON   BANK0   BANK1   BANK2
      Params:         0       0       0       0
      Locals:         0       0       0       0
      Temps:          0       0       0       0
      Totals:         0       0       0       0
Total ram usage:        0 bytes
 Hardware stack levels used:    1
 Hardware stack levels required when called:    1
 This function calls:
		Nothing
 This function is called by:
		_main
 This function uses a non-reentrant model


 *************** function _ConfigureOscillator *****************
 Defined at:
		line 18 in file "system.c"
 Parameters:    Size  Location     Type
		None
 Auto vars:     Size  Location     Type
		None
 Return value:  Size  Location     Type
                  1    wreg      void 
 Registers used:
		None
 Tracked objects:
		On entry : 
		On exit  : 
		Unchanged: 
 Data sizes:     COMMON   BANK0   BANK1   BANK2
      Params:         0       0       0       0
      Locals:         0       0       0       0
      Temps:          0       0       0       0
      Totals:         0       0       0       0
Total ram usage:        0 bytes
 Hardware stack levels used:    1
 Hardware stack levels required when called:    1
 This function calls:
		Nothing
 This function is called by:
		_main
 This function uses a non-reentrant model


 *************** function _isr *****************
 Defined at:
		line 23 in file "interrupts.c"
 Parameters:    Size  Location     Type
		None
 Auto vars:     Size  Location     Type
		None
 Return value:  Size  Location     Type
                  1    wreg      void 
 Registers used:
		None
 Tracked objects:
		On entry : 
		On exit  : 
		Unchanged: 
 Data sizes:     COMMON   BANK0   BANK1   BANK2
      Params:         0       0       0       0
      Locals:         0       0       0       0
      Temps:          2       0       0       0
      Totals:         2       0       0       0
Total ram usage:        2 bytes
 Hardware stack levels used:    1
 This function calls:
		Nothing
 This function is called by:
		Interrupt level 1
 This function uses a non-reentrant model



MODULE INFORMATION

Module		Function		Class		Link	Load	Size
interrupts.c
		_isr           		CODE           	0019	0000	7

interrupts.c estimated size: 7

shared
		__initialization		CODE           	000D	0000	1

shared estimated size: 1

user.c
		_InitApp       		CODE           	0020	0000	1

user.c estimated size: 1

main.c
		_main          		CODE           	0010	0000	9

main.c estimated size: 9

system.c
		_ConfigureOscillator		CODE           	0021	0000	1

system.c estimated size: 1

